error: Main function not found
   --> tests/error/no_main.nx:1:1

